###############################################################################
#
# IAR ELF Linker V8.50.1.245/W32 for ARM                  28/Jan/2021  22:22:38
# Copyright 2007-2020 IAR Systems AB.
#
#    Output file  =
#        E:\github\trolley\trolley_firmware\EWARM\STM32F401xx\Exe\Project.out
#    Map file     =
#        E:\github\trolley\trolley_firmware\EWARM\STM32F401xx\List\Project.map
#    Command line =
#        -f C:\Users\rudabo\AppData\Local\Temp\EWD242.tmp
#        (E:\github\trolley\trolley_firmware\EWARM\STM32F401xx\Obj\inits.o
#        E:\github\trolley\trolley_firmware\EWARM\STM32F401xx\Obj\main.o
#        E:\github\trolley\trolley_firmware\EWARM\STM32F401xx\Obj\mbcrc.o
#        E:\github\trolley\trolley_firmware\EWARM\STM32F401xx\Obj\misc.o
#        E:\github\trolley\trolley_firmware\EWARM\STM32F401xx\Obj\modbus.o
#        E:\github\trolley\trolley_firmware\EWARM\STM32F401xx\Obj\startup_stm32f401xx.o
#        E:\github\trolley\trolley_firmware\EWARM\STM32F401xx\Obj\stm32f4xx_dma.o
#        E:\github\trolley\trolley_firmware\EWARM\STM32F401xx\Obj\stm32f4xx_gpio.o
#        E:\github\trolley\trolley_firmware\EWARM\STM32F401xx\Obj\stm32f4xx_it.o
#        E:\github\trolley\trolley_firmware\EWARM\STM32F401xx\Obj\stm32f4xx_rcc.o
#        E:\github\trolley\trolley_firmware\EWARM\STM32F401xx\Obj\stm32f4xx_tim.o
#        E:\github\trolley\trolley_firmware\EWARM\STM32F401xx\Obj\stm32f4xx_usart.o
#        E:\github\trolley\trolley_firmware\EWARM\STM32F401xx\Obj\system_stm32f4xx.o
#        --redirect _Printf=_PrintfSmall --redirect _Scanf=_ScanfSmall
#        --no_out_extension -o
#        E:\github\trolley\trolley_firmware\EWARM\STM32F401xx\Exe\Project.out
#        --map
#        E:\github\trolley\trolley_firmware\EWARM\STM32F401xx\List\Project.map
#        --config E:\github\trolley\trolley_firmware\EWARM\stm32f4xx_flash.icf
#        --semihosting --entry __iar_program_start --vfe --text_out locale)
#
###############################################################################

*******************************************************************************
*** RUNTIME MODEL ATTRIBUTES
***

CppFlavor       = *
__SystemLibrary = DLib
__dlib_version  = 6


*******************************************************************************
*** HEAP SELECTION
***

The basic heap was selected because no calls to memory allocation
functions were found in the application outside of system library
functions, and there are calls to deallocation functions in the
application.


*******************************************************************************
*** PLACEMENT SUMMARY
***

"A0":  place at address 0x800'0000 { ro section .intvec };
"P1":  place in [from 0x800'0000 to 0x81f'ffff] { ro };
define block CSTACK with size = 1K, alignment = 8 { };
define block HEAP with size = 512, alignment = 8 { };
"P2":  place in [from 0x2000'0000 to 0x2002'ffff] {
          rw, block CSTACK, block HEAP };
initialize by copy { rw };

  Section            Kind         Address    Size  Object
  -------            ----         -------    ----  ------
"A0":                                       0x194
  .intvec            ro code   0x800'0000   0x194  startup_stm32f401xx.o [1]
                             - 0x800'0194   0x194

"P1":                                      0x11dc
  .text              ro code   0x800'0194   0x278  inits.o [1]
  .text              ro code   0x800'040c    0xa4  stm32f4xx_rcc.o [1]
  .text              ro code   0x800'04b0    0xb6  stm32f4xx_gpio.o [1]
  .text              ro code   0x800'0566    0x3a  zero_init3.o [4]
  .text              ro code   0x800'05a0   0x14a  stm32f4xx_usart.o [1]
  .text              ro code   0x800'06ea    0x2e  copy_init3.o [4]
  .text              ro code   0x800'0718    0xf0  stm32f4xx_dma.o [1]
  .text              ro code   0x800'0808    0x68  misc.o [1]
  .text              ro code   0x800'0870   0x1de  stm32f4xx_tim.o [1]
  .text              ro code   0x800'0a50   0x228  modbus.o [1]
  .text              ro code   0x800'0c78    0x30  mbcrc.o [1]
  .text              ro code   0x800'0ca8   0x13c  main.o [1]
  .rodata            const     0x800'0de4   0x200  mbcrc.o [1]
  .text              ro code   0x800'0fe4    0xec  system_stm32f4xx.o [1]
  .text              ro code   0x800'10d0    0xe4  stm32f4xx_it.o [1]
  .text              ro code   0x800'11b4    0x28  data_init.o [4]
  .text              ro code   0x800'11dc    0x22  fpinit_M.o [3]
  .iar.init_table    const     0x800'1200    0x24  - Linker created -
  .text              ro code   0x800'1224    0x1e  cmain.o [4]
  .text              ro code   0x800'1242     0x4  low_level_init.o [2]
  .text              ro code   0x800'1246     0x4  exit.o [2]
  .text              ro code   0x800'124c     0xa  cexit.o [4]
  .text              ro code   0x800'1258    0x14  exit.o [5]
  .text              ro code   0x800'126c    0x10  startup_stm32f401xx.o [1]
  Initializer bytes  const     0x800'127c    0x10  <for P2-1>
  .text              ro code   0x800'128c     0xc  cstartup_M.o [4]
  .text              ro code   0x800'1298     0x4  startup_stm32f401xx.o [1]
  .text              ro code   0x800'129c     0x4  startup_stm32f401xx.o [1]
  .text              ro code   0x800'12a0     0x4  startup_stm32f401xx.o [1]
  .text              ro code   0x800'12a4     0x4  startup_stm32f401xx.o [1]
  .text              ro code   0x800'12a8     0x4  startup_stm32f401xx.o [1]
  .text              ro code   0x800'12ac     0x4  startup_stm32f401xx.o [1]
  .text              ro code   0x800'12b0     0x4  startup_stm32f401xx.o [1]
  .text              ro code   0x800'12b4     0x4  startup_stm32f401xx.o [1]
  .text              ro code   0x800'12b8     0x4  startup_stm32f401xx.o [1]
  .text              ro code   0x800'12bc     0x4  startup_stm32f401xx.o [1]
  .text              ro code   0x800'12c0     0x4  startup_stm32f401xx.o [1]
  .text              ro code   0x800'12c4     0x4  startup_stm32f401xx.o [1]
  .text              ro code   0x800'12c8     0x4  startup_stm32f401xx.o [1]
  .text              ro code   0x800'12cc     0x4  startup_stm32f401xx.o [1]
  .text              ro code   0x800'12d0     0x4  startup_stm32f401xx.o [1]
  .text              ro code   0x800'12d4     0x4  startup_stm32f401xx.o [1]
  .text              ro code   0x800'12d8     0x4  startup_stm32f401xx.o [1]
  .text              ro code   0x800'12dc     0x4  startup_stm32f401xx.o [1]
  .text              ro code   0x800'12e0     0x4  startup_stm32f401xx.o [1]
  .text              ro code   0x800'12e4     0x4  startup_stm32f401xx.o [1]
  .text              ro code   0x800'12e8     0x4  startup_stm32f401xx.o [1]
  .text              ro code   0x800'12ec     0x4  startup_stm32f401xx.o [1]
  .text              ro code   0x800'12f0     0x4  startup_stm32f401xx.o [1]
  .text              ro code   0x800'12f4     0x4  startup_stm32f401xx.o [1]
  .text              ro code   0x800'12f8     0x4  startup_stm32f401xx.o [1]
  .text              ro code   0x800'12fc     0x4  startup_stm32f401xx.o [1]
  .text              ro code   0x800'1300     0x4  startup_stm32f401xx.o [1]
  .text              ro code   0x800'1304     0x4  startup_stm32f401xx.o [1]
  .text              ro code   0x800'1308     0x4  startup_stm32f401xx.o [1]
  .text              ro code   0x800'130c     0x4  startup_stm32f401xx.o [1]
  .text              ro code   0x800'1310     0x4  startup_stm32f401xx.o [1]
  .text              ro code   0x800'1314     0x4  startup_stm32f401xx.o [1]
  .text              ro code   0x800'1318     0x4  startup_stm32f401xx.o [1]
  .text              ro code   0x800'131c     0x4  startup_stm32f401xx.o [1]
  .text              ro code   0x800'1320     0x4  startup_stm32f401xx.o [1]
  .text              ro code   0x800'1324     0x4  startup_stm32f401xx.o [1]
  .text              ro code   0x800'1328     0x4  startup_stm32f401xx.o [1]
  .text              ro code   0x800'132c     0x4  startup_stm32f401xx.o [1]
  .text              ro code   0x800'1330     0x4  startup_stm32f401xx.o [1]
  .text              ro code   0x800'1334     0x4  startup_stm32f401xx.o [1]
  .text              ro code   0x800'1338     0x4  startup_stm32f401xx.o [1]
  .text              ro code   0x800'133c     0x4  startup_stm32f401xx.o [1]
  .text              ro code   0x800'1340     0x4  startup_stm32f401xx.o [1]
  .text              ro code   0x800'1344     0x4  startup_stm32f401xx.o [1]
  .text              ro code   0x800'1348     0x4  startup_stm32f401xx.o [1]
  .text              ro code   0x800'134c     0x4  startup_stm32f401xx.o [1]
  .text              ro code   0x800'1350     0x4  startup_stm32f401xx.o [1]
  .text              ro code   0x800'1354     0x4  startup_stm32f401xx.o [1]
  .text              ro code   0x800'1358     0x4  startup_stm32f401xx.o [1]
  .text              ro code   0x800'135c     0x4  startup_stm32f401xx.o [1]
  .text              ro code   0x800'1360     0x4  startup_stm32f401xx.o [1]
  .text              ro code   0x800'1364     0x4  startup_stm32f401xx.o [1]
  .text              ro code   0x800'1368     0x4  startup_stm32f401xx.o [1]
  .text              ro code   0x800'136c     0x4  startup_stm32f401xx.o [1]
  .rodata            const     0x800'1370     0x0  zero_init3.o [4]
  .rodata            const     0x800'1370     0x0  copy_init3.o [4]
                             - 0x800'1370  0x11dc

"P2", part 1 of 3:                           0x10
  P2-1                        0x2000'0000    0x10  <Init block>
    .data            inited   0x2000'0000    0x10  stm32f4xx_rcc.o [1]
                            - 0x2000'0010    0x10

"P2", part 2 of 3:                          0x3bc
  .bss               zero     0x2000'0010   0x3a0  modbus.o [1]
  .bss               zero     0x2000'03b0    0x14  main.o [1]
  .bss               zero     0x2000'03c4     0x8  inits.o [1]
                            - 0x2000'03cc   0x3bc

"P2", part 3 of 3:                          0x400
  CSTACK                      0x2000'03d0   0x400  <Block>
    CSTACK           uninit   0x2000'03d0   0x400  <Block tail>
                            - 0x2000'07d0   0x400

Unused ranges:

         From           To       Size
         ----           --       ----
   0x800'1370   0x81f'ffff  0x1f'ec90
  0x2000'03cc  0x2000'03cf        0x4
  0x2000'07d0  0x2002'ffff   0x2'f830


*******************************************************************************
*** INIT TABLE
***

          Address      Size
          -------      ----
Zero (__iar_zero_init3)
    1 destination range, total size 0x3bc:
          0x2000'0010  0x3bc

Copy (__iar_copy_init3)
    1 source range, total size 0x10:
           0x800'127c   0x10
    1 destination range, total size 0x10:
          0x2000'0000   0x10



*******************************************************************************
*** MODULE SUMMARY
***

    Module                 ro code  ro data  rw data
    ------                 -------  -------  -------
command line/config:
    ------------------------------------------------
    Total:

E:\github\trolley\trolley_firmware\EWARM\STM32F401xx\Obj: [1]
    inits.o                    632                 8
    main.o                     316                20
    mbcrc.o                     48      512
    misc.o                     104
    modbus.o                   552               928
    startup_stm32f401xx.o      636
    stm32f4xx_dma.o            240
    stm32f4xx_gpio.o           182
    stm32f4xx_it.o             228
    stm32f4xx_rcc.o            164       16       16
    stm32f4xx_tim.o            478
    stm32f4xx_usart.o          330
    system_stm32f4xx.o         236
    ------------------------------------------------
    Total:                   4'146      528      972

dl7M_tln.a: [2]
    exit.o                       4
    low_level_init.o             4
    ------------------------------------------------
    Total:                       8

m7M_tls.a: [3]
    fpinit_M.o                  34
    ------------------------------------------------
    Total:                      34

rt7M_tl.a: [4]
    cexit.o                     10
    cmain.o                     30
    copy_init3.o                46
    cstartup_M.o                12
    data_init.o                 40
    zero_init3.o                58
    ------------------------------------------------
    Total:                     196

shb_l.a: [5]
    exit.o                      20
    ------------------------------------------------
    Total:                      20

    Gaps                         6        2
    Linker created                       36    1'024
----------------------------------------------------
    Grand Total:             4'410      566    1'996


*******************************************************************************
*** ENTRY LIST
***

Entry                       Address   Size  Type      Object
-----                       -------   ----  ----      ------
.iar.init_table$$Base    0x800'1200          --   Gb  - Linker created -
.iar.init_table$$Limit   0x800'1224          --   Gb  - Linker created -
?main                    0x800'1225         Code  Gb  cmain.o [4]
APBAHBPrescTable        0x2000'0000   0x10  Data  Lc  stm32f4xx_rcc.o [1]
BusFault_Handler         0x800'11a7    0x2  Code  Gb  stm32f4xx_it.o [1]
CSTACK$$Base            0x2000'03d0          --   Gb  - Linker created -
CSTACK$$Limit           0x2000'07d0          --   Gb  - Linker created -
DMA1_Stream6_IRQHandler
                         0x800'1147   0x40  Code  Gb  stm32f4xx_it.o [1]
DMA_ClearFlag            0x800'07ab   0x1a  Code  Gb  stm32f4xx_dma.o [1]
DMA_Cmd                  0x800'0769   0x16  Code  Gb  stm32f4xx_dma.o [1]
DMA_GetCurrDataCounter   0x800'0783    0x6  Code  Gb  stm32f4xx_dma.o [1]
DMA_GetFlagStatus        0x800'0789   0x22  Code  Gb  stm32f4xx_dma.o [1]
DMA_ITConfig             0x800'07c5   0x2e  Code  Gb  stm32f4xx_dma.o [1]
DMA_Init                 0x800'0719   0x50  Code  Gb  stm32f4xx_dma.o [1]
DMA_SetCurrDataCounter   0x800'077f    0x4  Code  Gb  stm32f4xx_dma.o [1]
DebugMon_Handler         0x800'11ad    0x2  Code  Gb  stm32f4xx_it.o [1]
GPIO_Init                0x800'04b1   0x7c  Code  Gb  stm32f4xx_gpio.o [1]
GPIO_InitStructure      0x2000'03c4    0x8  Data  Gb  inits.o [1]
GPIO_PinAFConfig         0x800'0545   0x22  Code  Gb  stm32f4xx_gpio.o [1]
GPIO_ReadOutputDataBit   0x800'052d    0xe  Code  Gb  stm32f4xx_gpio.o [1]
GPIO_WriteBit            0x800'053b    0xa  Code  Gb  stm32f4xx_gpio.o [1]
HardFault_Handler        0x800'11a3    0x2  Code  Gb  stm32f4xx_it.o [1]
MemManage_Handler        0x800'11a5    0x2  Code  Gb  stm32f4xx_it.o [1]
NMI_Handler              0x800'11a1    0x2  Code  Gb  stm32f4xx_it.o [1]
NVIC_Init                0x800'0809   0x56  Code  Gb  misc.o [1]
PendSV_Handler           0x800'11af    0x2  Code  Gb  stm32f4xx_it.o [1]
RCC_AHB1PeriphClockCmd   0x800'0475   0x14  Code  Gb  stm32f4xx_rcc.o [1]
RCC_APB1PeriphClockCmd   0x800'0489   0x14  Code  Gb  stm32f4xx_rcc.o [1]
RCC_Clocks              0x2000'03b0   0x10  Data  Gb  main.o [1]
RCC_GetClocksFreq        0x800'040d   0x68  Code  Gb  stm32f4xx_rcc.o [1]
Region$$Table$$Base      0x800'1200          --   Gb  - Linker created -
Region$$Table$$Limit     0x800'1224          --   Gb  - Linker created -
SVC_Handler              0x800'11ab    0x2  Code  Gb  stm32f4xx_it.o [1]
SysTick_Handler          0x800'11b1    0x4  Code  Gb  stm32f4xx_it.o [1]
SystemInit               0x800'0fe5   0xca  Code  Gb  system_stm32f4xx.o [1]
TIM_ARRPreloadConfig     0x800'08d9   0x14  Code  Gb  stm32f4xx_tim.o [1]
TIM_Cmd                  0x800'08ed   0x14  Code  Gb  stm32f4xx_tim.o [1]
TIM_OC1Init              0x800'0901   0x64  Code  Gb  stm32f4xx_tim.o [1]
TIM_OC1PreloadConfig     0x800'0a41    0x6  Code  Gb  stm32f4xx_tim.o [1]
TIM_OC3Init              0x800'0965   0x6c  Code  Gb  stm32f4xx_tim.o [1]
TIM_OC4Init              0x800'09d1   0x52  Code  Gb  stm32f4xx_tim.o [1]
TIM_TimeBaseInit         0x800'0871   0x62  Code  Gb  stm32f4xx_tim.o [1]
TimingDelay_Decrement    0x800'0db9    0xe  Code  Gb  main.o [1]
USART2_IRQHandler        0x800'10d1   0x76  Code  Gb  stm32f4xx_it.o [1]
USART_ClearFlag          0x800'06a5    0x2  Code  Gb  stm32f4xx_usart.o [1]
USART_Cmd                0x800'0649   0x14  Code  Gb  stm32f4xx_usart.o [1]
USART_DMACmd             0x800'0663   0x10  Code  Gb  stm32f4xx_usart.o [1]
USART_GetITStatus        0x800'06a7   0x3e  Code  Gb  stm32f4xx_usart.o [1]
USART_ITConfig           0x800'0673   0x32  Code  Gb  stm32f4xx_usart.o [1]
USART_Init               0x800'05a1   0x9e  Code  Gb  stm32f4xx_usart.o [1]
UsageFault_Handler       0x800'11a9    0x2  Code  Gb  stm32f4xx_it.o [1]
__cmain                  0x800'1225         Code  Gb  cmain.o [4]
__exit                   0x800'1259   0x14  Code  Gb  exit.o [5]
__iar_copy_init3         0x800'06eb   0x2e  Code  Gb  copy_init3.o [4]
__iar_data_init3         0x800'11b5   0x28  Code  Gb  data_init.o [4]
__iar_init_vfp           0x800'11dd         Code  Gb  fpinit_M.o [3]
__iar_program_start      0x800'128d         Code  Gb  cstartup_M.o [4]
__iar_zero_init3         0x800'0567   0x3a  Code  Gb  zero_init3.o [4]
__low_level_init         0x800'1243    0x4  Code  Gb  low_level_init.o [2]
__vector_table           0x800'0000         Data  Gb  startup_stm32f401xx.o [1]
_call_main               0x800'1231         Code  Gb  cmain.o [4]
_exit                    0x800'124d         Code  Gb  cexit.o [4]
_main                    0x800'123f         Code  Gb  cmain.o [4]
aucCRCHi                 0x800'0de4  0x100  Data  Lc  mbcrc.o [1]
aucCRCLo                 0x800'0ee4  0x100  Data  Lc  mbcrc.o [1]
calcCRC                  0x800'0c79   0x30  Code  Gb  mbcrc.o [1]
exit                     0x800'1247    0x4  Code  Gb  exit.o [2]
fctsupported             0x800'0c70    0x8  Data  Gb  modbus.o [1]
init_gpio                0x800'0195   0x32  Code  Gb  inits.o [1]
init_modbus              0x800'01c7  0x12c  Code  Gb  inits.o [1]
init_ppm                 0x800'030d   0xcc  Code  Gb  inits.o [1]
main                     0x800'0ca9   0xee  Code  Gb  main.o [1]
mb                      0x2000'0010  0x3a0  Data  Gb  modbus.o [1]
mb_poll                  0x800'0b8b   0xe2  Code  Gb  modbus.o [1]
mb_sendTxBuffer          0x800'0a51   0x36  Code  Gb  modbus.o [1]
mb_transmit_func         0x800'0d97   0x22  Code  Gb  main.o [1]
mb_validateRequest       0x800'0a8d   0x90  Code  Gb  modbus.o [1]
process_FC3              0x800'0b1d   0x62  Code  Lc  modbus.o [1]
uwTimingDelay           0x2000'03c0    0x4  Data  Lc  main.o [1]
word                     0x800'0a87    0x6  Code  Gb  modbus.o [1]


[1] = E:\github\trolley\trolley_firmware\EWARM\STM32F401xx\Obj
[2] = dl7M_tln.a
[3] = m7M_tls.a
[4] = rt7M_tl.a
[5] = shb_l.a

  4'410 bytes of readonly  code memory
    566 bytes of readonly  data memory
  1'996 bytes of readwrite data memory

Errors: none
Warnings: none
