###############################################################################
#
# IAR ELF Linker V8.50.1.245/W32 for ARM                  26/Jan/2021  23:56:56
# Copyright 2007-2020 IAR Systems AB.
#
#    Output file  =
#        E:\github\trolley\trolley_firmware\EWARM\STM32F429_439xx\Exe\Project.out
#    Map file     =
#        E:\github\trolley\trolley_firmware\EWARM\STM32F429_439xx\List\Project.map
#    Command line =
#        -f C:\Users\rudabo\AppData\Local\Temp\EW777E.tmp
#        (E:\github\trolley\trolley_firmware\EWARM\STM32F429_439xx\Obj\inits.o
#        E:\github\trolley\trolley_firmware\EWARM\STM32F429_439xx\Obj\main.o
#        E:\github\trolley\trolley_firmware\EWARM\STM32F429_439xx\Obj\mbcrc.o
#        E:\github\trolley\trolley_firmware\EWARM\STM32F429_439xx\Obj\modbus.o
#        E:\github\trolley\trolley_firmware\EWARM\STM32F429_439xx\Obj\startup_stm32f401xx.o
#        E:\github\trolley\trolley_firmware\EWARM\STM32F429_439xx\Obj\stm32f4xx_dma.o
#        E:\github\trolley\trolley_firmware\EWARM\STM32F429_439xx\Obj\stm32f4xx_gpio.o
#        E:\github\trolley\trolley_firmware\EWARM\STM32F429_439xx\Obj\stm32f4xx_it.o
#        E:\github\trolley\trolley_firmware\EWARM\STM32F429_439xx\Obj\stm32f4xx_rcc.o
#        E:\github\trolley\trolley_firmware\EWARM\STM32F429_439xx\Obj\stm32f4xx_tim.o
#        E:\github\trolley\trolley_firmware\EWARM\STM32F429_439xx\Obj\stm32f4xx_usart.o
#        E:\github\trolley\trolley_firmware\EWARM\STM32F429_439xx\Obj\system_stm32f4xx.o
#        --redirect _Printf=_PrintfSmall --redirect _Scanf=_ScanfSmall
#        --no_out_extension -o
#        E:\github\trolley\trolley_firmware\EWARM\STM32F429_439xx\Exe\Project.out
#        --map
#        E:\github\trolley\trolley_firmware\EWARM\STM32F429_439xx\List\Project.map
#        --config E:\github\trolley\trolley_firmware\EWARM\stm32f4xx_flash.icf
#        --semihosting --entry __iar_program_start --vfe --text_out locale)
#
###############################################################################

*******************************************************************************
*** RUNTIME MODEL ATTRIBUTES
***

CppFlavor       = *
__SystemLibrary = DLib
__dlib_version  = 6


*******************************************************************************
*** HEAP SELECTION
***

The basic heap was selected because no calls to memory allocation
functions were found in the application outside of system library
functions, and there are calls to deallocation functions in the
application.


*******************************************************************************
*** PLACEMENT SUMMARY
***

"A0":  place at address 0x800'0000 { ro section .intvec };
"P1":  place in [from 0x800'0000 to 0x81f'ffff] { ro };
define block CSTACK with size = 1K, alignment = 8 { };
define block HEAP with size = 512, alignment = 8 { };
"P2":  place in [from 0x2000'0000 to 0x2002'ffff] {
          rw, block CSTACK, block HEAP };
initialize by copy { rw };

  Section            Kind         Address   Size  Object
  -------            ----         -------   ----  ------
"A0":                                      0x194
  .intvec            ro code   0x800'0000  0x194  startup_stm32f401xx.o [1]
                             - 0x800'0194  0x194

"P1":                                      0x838
  .text              ro code   0x800'0194  0x128  inits.o [1]
  .text              ro code   0x800'02bc   0xbc  stm32f4xx_rcc.o [1]
  .text              ro code   0x800'0378   0xa8  stm32f4xx_gpio.o [1]
  .text              ro code   0x800'0420   0xda  stm32f4xx_usart.o [1]
  .text              ro code   0x800'04fa   0x3a  zero_init3.o [4]
  .text              ro code   0x800'0534   0x98  stm32f4xx_dma.o [1]
  .text              ro code   0x800'05cc  0x10c  main.o [1]
  .text              ro code   0x800'06d8   0xec  system_stm32f4xx.o [1]
  .text              ro code   0x800'07c4   0x2e  copy_init3.o [4]
  .text              ro code   0x800'07f4   0x28  data_init.o [4]
  .text              ro code   0x800'081c   0x22  fpinit_M.o [3]
  .iar.init_table    const     0x800'0840   0x24  - Linker created -
  .text              ro code   0x800'0864   0x1e  cmain.o [4]
  .text              ro code   0x800'0882    0x4  low_level_init.o [2]
  .text              ro code   0x800'0886    0x4  exit.o [2]
  .text              ro code   0x800'088c    0xa  cexit.o [4]
  .text              ro code   0x800'0898   0x14  exit.o [5]
  .text              ro code   0x800'08ac   0x14  stm32f4xx_it.o [1]
  .text              ro code   0x800'08c0   0x10  startup_stm32f401xx.o [1]
  Initializer bytes  const     0x800'08d0   0x10  <for P2-1>
  .text              ro code   0x800'08e0    0xc  cstartup_M.o [4]
  .text              ro code   0x800'08ec    0x4  startup_stm32f401xx.o [1]
  .text              ro code   0x800'08f0    0x4  startup_stm32f401xx.o [1]
  .text              ro code   0x800'08f4    0x4  startup_stm32f401xx.o [1]
  .text              ro code   0x800'08f8    0x4  startup_stm32f401xx.o [1]
  .text              ro code   0x800'08fc    0x4  startup_stm32f401xx.o [1]
  .text              ro code   0x800'0900    0x4  startup_stm32f401xx.o [1]
  .text              ro code   0x800'0904    0x4  startup_stm32f401xx.o [1]
  .text              ro code   0x800'0908    0x4  startup_stm32f401xx.o [1]
  .text              ro code   0x800'090c    0x4  startup_stm32f401xx.o [1]
  .text              ro code   0x800'0910    0x4  startup_stm32f401xx.o [1]
  .text              ro code   0x800'0914    0x4  startup_stm32f401xx.o [1]
  .text              ro code   0x800'0918    0x4  startup_stm32f401xx.o [1]
  .text              ro code   0x800'091c    0x4  startup_stm32f401xx.o [1]
  .text              ro code   0x800'0920    0x4  startup_stm32f401xx.o [1]
  .text              ro code   0x800'0924    0x4  startup_stm32f401xx.o [1]
  .text              ro code   0x800'0928    0x4  startup_stm32f401xx.o [1]
  .text              ro code   0x800'092c    0x4  startup_stm32f401xx.o [1]
  .text              ro code   0x800'0930    0x4  startup_stm32f401xx.o [1]
  .text              ro code   0x800'0934    0x4  startup_stm32f401xx.o [1]
  .text              ro code   0x800'0938    0x4  startup_stm32f401xx.o [1]
  .text              ro code   0x800'093c    0x4  startup_stm32f401xx.o [1]
  .text              ro code   0x800'0940    0x4  startup_stm32f401xx.o [1]
  .text              ro code   0x800'0944    0x4  startup_stm32f401xx.o [1]
  .text              ro code   0x800'0948    0x4  startup_stm32f401xx.o [1]
  .text              ro code   0x800'094c    0x4  startup_stm32f401xx.o [1]
  .text              ro code   0x800'0950    0x4  startup_stm32f401xx.o [1]
  .text              ro code   0x800'0954    0x4  startup_stm32f401xx.o [1]
  .text              ro code   0x800'0958    0x4  startup_stm32f401xx.o [1]
  .text              ro code   0x800'095c    0x4  startup_stm32f401xx.o [1]
  .text              ro code   0x800'0960    0x4  startup_stm32f401xx.o [1]
  .text              ro code   0x800'0964    0x4  startup_stm32f401xx.o [1]
  .text              ro code   0x800'0968    0x4  startup_stm32f401xx.o [1]
  .text              ro code   0x800'096c    0x4  startup_stm32f401xx.o [1]
  .text              ro code   0x800'0970    0x4  startup_stm32f401xx.o [1]
  .text              ro code   0x800'0974    0x4  startup_stm32f401xx.o [1]
  .text              ro code   0x800'0978    0x4  startup_stm32f401xx.o [1]
  .text              ro code   0x800'097c    0x4  startup_stm32f401xx.o [1]
  .text              ro code   0x800'0980    0x4  startup_stm32f401xx.o [1]
  .text              ro code   0x800'0984    0x4  startup_stm32f401xx.o [1]
  .text              ro code   0x800'0988    0x4  startup_stm32f401xx.o [1]
  .text              ro code   0x800'098c    0x4  startup_stm32f401xx.o [1]
  .text              ro code   0x800'0990    0x4  startup_stm32f401xx.o [1]
  .text              ro code   0x800'0994    0x4  startup_stm32f401xx.o [1]
  .text              ro code   0x800'0998    0x4  startup_stm32f401xx.o [1]
  .text              ro code   0x800'099c    0x4  startup_stm32f401xx.o [1]
  .text              ro code   0x800'09a0    0x4  startup_stm32f401xx.o [1]
  .text              ro code   0x800'09a4    0x4  startup_stm32f401xx.o [1]
  .text              ro code   0x800'09a8    0x4  startup_stm32f401xx.o [1]
  .text              ro code   0x800'09ac    0x4  startup_stm32f401xx.o [1]
  .text              ro code   0x800'09b0    0x4  startup_stm32f401xx.o [1]
  .text              ro code   0x800'09b4    0x4  startup_stm32f401xx.o [1]
  .text              ro code   0x800'09b8    0x4  startup_stm32f401xx.o [1]
  .text              ro code   0x800'09bc    0x4  startup_stm32f401xx.o [1]
  .text              ro code   0x800'09c0    0x4  startup_stm32f401xx.o [1]
  .text              ro code   0x800'09c4    0x4  startup_stm32f401xx.o [1]
  .text              ro code   0x800'09c8    0x4  startup_stm32f401xx.o [1]
  .rodata            const     0x800'09cc    0x0  zero_init3.o [4]
  .rodata            const     0x800'09cc    0x0  copy_init3.o [4]
                             - 0x800'09cc  0x838

"P2", part 1 of 3:                          0x10
  P2-1                        0x2000'0000   0x10  <Init block>
    .data            inited   0x2000'0000   0x10  stm32f4xx_rcc.o [1]
                            - 0x2000'0010   0x10

"P2", part 2 of 3:                         0x3b4
  .bss               zero     0x2000'0010  0x3a0  modbus.o [1]
  .bss               zero     0x2000'03b0   0x14  main.o [1]
                            - 0x2000'03c4  0x3b4

"P2", part 3 of 3:                         0x400
  CSTACK                      0x2000'03c8  0x400  <Block>
    CSTACK           uninit   0x2000'03c8  0x400  <Block tail>
                            - 0x2000'07c8  0x400

Unused ranges:

         From           To       Size
         ----           --       ----
   0x800'09cc   0x81f'ffff  0x1f'f634
  0x2000'03c4  0x2000'03c7        0x4
  0x2000'07c8  0x2002'ffff   0x2'f838


*******************************************************************************
*** INIT TABLE
***

          Address      Size
          -------      ----
Zero (__iar_zero_init3)
    1 destination range, total size 0x3b4:
          0x2000'0010  0x3b4

Copy (__iar_copy_init3)
    1 source range, total size 0x10:
           0x800'08d0   0x10
    1 destination range, total size 0x10:
          0x2000'0000   0x10



*******************************************************************************
*** MODULE SUMMARY
***

    Module                 ro code  ro data  rw data
    ------                 -------  -------  -------
command line/config:
    ------------------------------------------------
    Total:

E:\github\trolley\trolley_firmware\EWARM\STM32F429_439xx\Obj: [1]
    inits.o                    296
    main.o                     268                20
    modbus.o                                     928
    startup_stm32f401xx.o      644
    stm32f4xx_dma.o            152
    stm32f4xx_gpio.o           168
    stm32f4xx_it.o              20
    stm32f4xx_rcc.o            188       16       16
    stm32f4xx_usart.o          218
    system_stm32f4xx.o         236
    ------------------------------------------------
    Total:                   2'190       16      964

dl7M_tln.a: [2]
    exit.o                       4
    low_level_init.o             4
    ------------------------------------------------
    Total:                       8

m7M_tls.a: [3]
    fpinit_M.o                  34
    ------------------------------------------------
    Total:                      34

rt7M_tl.a: [4]
    cexit.o                     10
    cmain.o                     30
    copy_init3.o                46
    cstartup_M.o                12
    data_init.o                 40
    zero_init3.o                58
    ------------------------------------------------
    Total:                     196

shb_l.a: [5]
    exit.o                      20
    ------------------------------------------------
    Total:                      20

    Gaps                         6        2
    Linker created                       36    1'024
----------------------------------------------------
    Grand Total:             2'454       54    1'988


*******************************************************************************
*** ENTRY LIST
***

Entry                       Address   Size  Type      Object
-----                       -------   ----  ----      ------
.iar.init_table$$Base    0x800'0840          --   Gb  - Linker created -
.iar.init_table$$Limit   0x800'0864          --   Gb  - Linker created -
?main                    0x800'0865         Code  Gb  cmain.o [4]
APBAHBPrescTable        0x2000'0000   0x10  Data  Lc  stm32f4xx_rcc.o [1]
BusFault_Handler         0x800'08b3    0x2  Code  Gb  stm32f4xx_it.o [1]
CSTACK$$Base            0x2000'03c8          --   Gb  - Linker created -
CSTACK$$Limit           0x2000'07c8          --   Gb  - Linker created -
DMA_ClearFlag            0x800'059f   0x1a  Code  Gb  stm32f4xx_dma.o [1]
DMA_Cmd                  0x800'0585   0x16  Code  Gb  stm32f4xx_dma.o [1]
DMA_Init                 0x800'0535   0x50  Code  Gb  stm32f4xx_dma.o [1]
DMA_SetCurrDataCounter   0x800'059b    0x4  Code  Gb  stm32f4xx_dma.o [1]
DebugMon_Handler         0x800'08b9    0x2  Code  Gb  stm32f4xx_it.o [1]
GPIO_Init                0x800'0379   0x7c  Code  Gb  stm32f4xx_gpio.o [1]
GPIO_PinAFConfig         0x800'03ff   0x22  Code  Gb  stm32f4xx_gpio.o [1]
GPIO_WriteBit            0x800'03f5    0xa  Code  Gb  stm32f4xx_gpio.o [1]
HardFault_Handler        0x800'08af    0x2  Code  Gb  stm32f4xx_it.o [1]
MemManage_Handler        0x800'08b1    0x2  Code  Gb  stm32f4xx_it.o [1]
NMI_Handler              0x800'08ad    0x2  Code  Gb  stm32f4xx_it.o [1]
PendSV_Handler           0x800'08bb    0x2  Code  Gb  stm32f4xx_it.o [1]
RCC_AHB1PeriphClockCmd   0x800'0339   0x14  Code  Gb  stm32f4xx_rcc.o [1]
RCC_APB1PeriphClockCmd   0x800'034d   0x14  Code  Gb  stm32f4xx_rcc.o [1]
RCC_Clocks              0x2000'03b0   0x10  Data  Gb  main.o [1]
RCC_GetClocksFreq        0x800'02bd   0x7c  Code  Gb  stm32f4xx_rcc.o [1]
Region$$Table$$Base      0x800'0840          --   Gb  - Linker created -
Region$$Table$$Limit     0x800'0864          --   Gb  - Linker created -
SVC_Handler              0x800'08b7    0x2  Code  Gb  stm32f4xx_it.o [1]
SysTick_Handler          0x800'08bd    0x4  Code  Gb  stm32f4xx_it.o [1]
SystemInit               0x800'06d9   0xca  Code  Gb  system_stm32f4xx.o [1]
TimingDelay_Decrement    0x800'06a9    0xe  Code  Gb  main.o [1]
USART_ClearFlag          0x800'04f3    0x2  Code  Gb  stm32f4xx_usart.o [1]
USART_Cmd                0x800'04c9   0x14  Code  Gb  stm32f4xx_usart.o [1]
USART_DMACmd             0x800'04e3   0x10  Code  Gb  stm32f4xx_usart.o [1]
USART_Init               0x800'0421   0x9e  Code  Gb  stm32f4xx_usart.o [1]
UsageFault_Handler       0x800'08b5    0x2  Code  Gb  stm32f4xx_it.o [1]
__cmain                  0x800'0865         Code  Gb  cmain.o [4]
__exit                   0x800'0899   0x14  Code  Gb  exit.o [5]
__iar_copy_init3         0x800'07c5   0x2e  Code  Gb  copy_init3.o [4]
__iar_data_init3         0x800'07f5   0x28  Code  Gb  data_init.o [4]
__iar_init_vfp           0x800'081d         Code  Gb  fpinit_M.o [3]
__iar_program_start      0x800'08e1         Code  Gb  cstartup_M.o [4]
__iar_zero_init3         0x800'04fb   0x3a  Code  Gb  zero_init3.o [4]
__low_level_init         0x800'0883    0x4  Code  Gb  low_level_init.o [2]
__vector_table           0x800'0000         Data  Gb  startup_stm32f401xx.o [1]
_call_main               0x800'0871         Code  Gb  cmain.o [4]
_exit                    0x800'088d         Code  Gb  cexit.o [4]
_main                    0x800'087f         Code  Gb  cmain.o [4]
exit                     0x800'0887    0x4  Code  Gb  exit.o [2]
init_modbus              0x800'0195  0x10c  Code  Gb  inits.o [1]
main                     0x800'05cd   0xc4  Code  Gb  main.o [1]
mb                      0x2000'0010  0x3a0  Data  Gb  modbus.o [1]
uwTimingDelay           0x2000'03c0    0x4  Data  Lc  main.o [1]


[1] = E:\github\trolley\trolley_firmware\EWARM\STM32F429_439xx\Obj
[2] = dl7M_tln.a
[3] = m7M_tls.a
[4] = rt7M_tl.a
[5] = shb_l.a

  2'454 bytes of readonly  code memory
     54 bytes of readonly  data memory
  1'988 bytes of readwrite data memory

Errors: none
Warnings: none
